Importing server...
Importing sys...
Configuring stdout...
Configuring stderr...
Importing time...
Importing json...
Importing traceback...
Importing Flask and request...
Importing torch...
Done importing torch in 1.6295392513275146 seconds
Importing AutoModelForCausalLM, AutoTokenizer...
Done importing transformers in 6.834425449371338 seconds
Importing gc...
Importing argparse...
Imports done.
Detecting device...
Using GPU
Loading MLM model...
MLM model ready
Printing current time...
1765255539.7380395
Ready
Starting server...
 * Serving Flask app 'server_mlm'
 * Debug mode: off
[31m[1mWARNING: This is a development server. Do not use it in a production deployment. Use a production WSGI server instead.[0m
 * Running on all addresses (0.0.0.0)
 * Running on http://127.0.0.1:5006
 * Running on http://10.37.162.19:5006
[33mPress CTRL+C to quit[0m
