Importing server...
Importing sys...
Configuring stdout...
Configuring stderr...
Importing time...
Importing json...
Importing traceback...
Importing Flask and request...
Importing torch...
Done importing torch in 8.061299562454224 seconds
Importing AutoModelForCausalLM, AutoTokenizer...
Done importing transformers in 4.809610366821289 seconds
Importing WordNetLemmatizer...
Import error:
Traceback (most recent call last):
  File "/scratch/arnauddr/server_mlm.py", line 34, in <module>
    from nltk.stem import WordNetLemmatizer
ModuleNotFoundError: No module named 'nltk'
Detecting device...
Using GPU
Loading MLM model...
Error during model/tokenizer/lemmatizer setup:The checkpoint you are trying to load has model type `modernbert` but Transformers does not recognize this architecture. This could be because of an issue with the checkpoint, or because your version of Transformers is out of date.
Traceback (most recent call last):
  File "/home/arnauddr/.local/lib/python3.12/site-packages/transformers/models/auto/configuration_auto.py", line 1034, in from_pretrained
    config_class = CONFIG_MAPPING[config_dict["model_type"]]
                   ~~~~~~~~~~~~~~^^^^^^^^^^^^^^^^^^^^^^^^^^^
  File "/home/arnauddr/.local/lib/python3.12/site-packages/transformers/models/auto/configuration_auto.py", line 736, in __getitem__
    raise KeyError(key)
KeyError: 'modernbert'

During handling of the above exception, another exception occurred:

Traceback (most recent call last):
  File "/scratch/arnauddr/server_mlm.py", line 60, in <module>
    mlm_model = AutoModelForMaskedLM.from_pretrained(mlm_model_name).to(device)
                ^^^^^^^^^^^^^^^^^^^^^^^^^^^^^^^^^^^^^^^^^^^^^^^^^^^^
  File "/home/arnauddr/.local/lib/python3.12/site-packages/transformers/models/auto/auto_factory.py", line 526, in from_pretrained
    config, kwargs = AutoConfig.from_pretrained(
                     ^^^^^^^^^^^^^^^^^^^^^^^^^^^
  File "/home/arnauddr/.local/lib/python3.12/site-packages/transformers/models/auto/configuration_auto.py", line 1036, in from_pretrained
    raise ValueError(
ValueError: The checkpoint you are trying to load has model type `modernbert` but Transformers does not recognize this architecture. This could be because of an issue with the checkpoint, or because your version of Transformers is out of date.
