Waiting for server... (0)
Waiting for server... (1)
Waiting for server... (2)
Waiting for server... (3)
Waiting for server... (4)
Waiting for server... (5)
Waiting for server... (6)
Waiting for server... (7)
Waiting for server... (8)
Waiting for server... (9)
Waiting for server... (10)
Server ready on port 5000
Running with argument 0.1
5 Août
Running with argument 0.4
5 Août
Running with argument 0.6
5 Août
Running with argument 0.8
5 Août
Running with argument 1
5 Août
Running with argument 1.2
5 Août
Running with argument 1.5
5 Août
Running with argument 1.8
5 Août
Running with argument 2
5 Août
Running with argument 2.5
5 Août
Running with argument 3.0
5 Août
Running with argument 3.7
5 Août
Running with argument 4.5
5 Août
